../Core/Src/main.c:94:5:main	24	static
../Core/Src/main.c:206:6:SystemClock_Config	96	static
../Core/Src/main.c:263:6:PeriphCommonClock_Config	160	static
../Core/Src/main.c:290:13:MX_ADC1_Init	32	static
../Core/Src/main.c:348:13:MX_DFSDM1_Init	8	static
../Core/Src/main.c:386:13:MX_I2C1_Init	8	static
../Core/Src/main.c:434:13:MX_I2C2_Init	8	static
../Core/Src/main.c:482:13:MX_OCTOSPI1_Init	32	static
../Core/Src/main.c:530:13:MX_SPI1_Init	8	static
../Core/Src/main.c:570:13:MX_SPI3_Init	8	static
../Core/Src/main.c:610:13:MX_UART4_Init	8	static
../Core/Src/main.c:658:13:MX_USART1_UART_Init	8	static
../Core/Src/main.c:706:13:MX_USART2_UART_Init	8	static
../Core/Src/main.c:754:13:MX_USART3_UART_Init	8	static
../Core/Src/main.c:802:13:MX_USB_OTG_FS_USB_Init	4	static
../Core/Src/main.c:823:13:MX_GPIO_Init	56	static
../Core/Src/main.c:973:13:MyLED2_init	4	static
../Core/Src/main.c:1015:6:Error_Handler	4	static,ignoring_inline_asm
